"Prevotella.0002"	-6.85023771209123	A
"Veillonella.0002"	-6.73310625458608	A
"Delftia.0001"	-1.33143411813109	A
"Prevotella.0005"	-5.7317258673263	A
"Peptostreptococcus.0001"	-4.66562773920721	A
"Kingdom.Bacteria.0001"	-6.04799031703867	A
"Oribacterium.0001"	-5.48296855145651	A
"Actinomyces.0001"	-5.56814756882921	A
"Megasphaera.0001"	-5.07940224354553	A
"Actinomyces.0003"	-3.33790235505768	A
"Fusobacterium.0002"	5.03560708322245	B
"Prevotella.0004"	4.22610797464962	B
"Veillonella.0003"	3.51594247048135	B
"Alloprevotella.0003"	3.19582211706256	B
"Granulicatella.0001"	4.27311225583692	B
"Ralstonia.0003"	2.13180384212584	B
